[0m15:08:21.463681 [debug] [MainThread]: Sending event: {'category': 'dbt', 'action': 'invocation', 'label': 'start', 'context': [<snowplow_tracker.self_describing_json.SelfDescribingJson object at 0x00000195E8451E20>, <snowplow_tracker.self_describing_json.SelfDescribingJson object at 0x00000195E7B3C980>, <snowplow_tracker.self_describing_json.SelfDescribingJson object at 0x00000195E7B3D0A0>]}


============================== 15:08:21.593647 | 0a46451a-93de-44bd-84e1-14757f23b8d6 ==============================
[0m15:08:21.593647 [info ] [MainThread]: Running with dbt=1.12.4
[0m15:08:21.593647 [debug] [MainThread]: running dbt with arguments {'maximum_seed_size_mib': '1', 'no_print': 'None', 'version_check': 'True', 'warn_error_options': 'WarnErrorOptionsV2(error=[], warn=[], silence=[])', 'target_path': 'None', 'static_parser': 'True', 'printer_width': '80', 'write_json': 'True', 'introspect': 'True', 'log_cache_events': 'False', 'empty': 'None', 'cache_selected_only': 'False', 'log_format': 'default', 'debug': 'False', 'fail_fast': 'False', 'partial_parse': 'True', 'send_anonymous_usage_stats': 'True', 'quiet': 'False', 'warn_error': 'None', 'profiles_dir': 'C:\\Users\\dmacw\\.dbt', 'use_colors': 'True', 'hints_enabled': 'True', 'indirect_selection': 'eager', 'use_experimental_parser': 'False', 'invocation_command': 'dbt init market_data_dbt', 'log_path': 'logs'}
[0m15:08:21.733686 [info ] [MainThread]: Creating dbt configuration folder at C:\Users\dmacw\.dbt
[0m15:08:21.737938 [debug] [MainThread]: Starter project path: C:\Users\dmacw\market-data-platform\.venv\Lib\site-packages\dbt\include\starter_project
[0m15:08:21.779713 [info ] [MainThread]: Setting up your profile.
[0m15:10:29.388253 [info ] [MainThread]: Profile market_data_dbt written to C:\Users\dmacw\.dbt\profiles.yml using target's profile_template.yml and your supplied values.
[0m15:10:29.398272 [info ] [MainThread]: Running dbt debug to validate the project...
[0m15:10:29.398272 [info ] [MainThread]: dbt version: 1.12.4
[0m15:10:29.398272 [info ] [MainThread]: python version: 3.12.14
[0m15:10:29.398272 [info ] [MainThread]: python path: C:\Users\dmacw\market-data-platform\.venv\Scripts\python.exe
[0m15:10:29.398272 [info ] [MainThread]: os info: Windows-11-10.0.26200-SP0
[0m15:10:29.455763 [info ] [MainThread]: Using profiles dir at C:\Users\dmacw\.dbt
[0m15:10:29.455763 [info ] [MainThread]: Using profiles.yml file at C:\Users\dmacw\.dbt\profiles.yml
[0m15:10:29.455763 [info ] [MainThread]: Using dbt_project.yml file at C:\Users\dmacw\market-data-platform\transforms\market_data_dbt\dbt_project.yml
[0m15:10:29.455763 [info ] [MainThread]: adapter type: postgres
[0m15:10:29.455763 [info ] [MainThread]: adapter version: 1.11.0
[0m15:10:29.621347 [info ] [MainThread]: Configuration:
[0m15:10:29.621347 [info ] [MainThread]:   profiles.yml file [[32mOK found and valid[0m]
[0m15:10:29.621347 [info ] [MainThread]:   dbt_project.yml file [[32mOK found and valid[0m]
[0m15:10:29.621347 [info ] [MainThread]: Required dependencies:
[0m15:10:29.621347 [debug] [MainThread]: Executing "git --help"
[0m15:10:29.703794 [debug] [MainThread]: STDOUT: "b"usage: git [-v | --version] [-h | --help] [-C <path>] [-c <name>=<value>]\n           [--exec-path[=<path>]] [--html-path] [--man-path] [--info-path]\n           [-p | --paginate | -P | --no-pager] [--no-replace-objects] [--no-lazy-fetch]\n           [--no-optional-locks] [--no-advice] [--bare] [--git-dir=<path>]\n           [--work-tree=<path>] [--namespace=<name>] [--config-env=<name>=<envvar>]\n           <command> [<args>]\n\nThese are common Git commands used in various situations:\n\nstart a working area (see also: git help tutorial)\n   clone      Clone a repository into a new directory\n   init       Create an empty Git repository or reinitialize an existing one\n\nwork on the current change (see also: git help everyday)\n   add        Add file contents to the index\n   mv         Move or rename a file, a directory, or a symlink\n   restore    Restore working tree files\n   rm         Remove files from the working tree and from the index\n\nexamine the history and state (see also: git help revisions)\n   bisect     Use binary search to find the commit that introduced a bug\n   diff       Show changes between commits, commit and working tree, etc\n   grep       Print lines matching a pattern\n   log        Show commit logs\n   show       Show various types of objects\n   status     Show the working tree status\n\ngrow, mark and tweak your common history\n   backfill   Download missing objects in a partial clone\n   branch     List, create, or delete branches\n   commit     Record changes to the repository\n   history    EXPERIMENTAL: Rewrite history\n   merge      Join two or more development histories together\n   rebase     Reapply commits on top of another base tip\n   reset      Set `HEAD` or the index to a known state\n   switch     Switch branches\n   tag        Create, list, delete or verify tags\n\ncollaborate (see also: git help workflows)\n   fetch      Download objects and refs from another repository\n   pull       Fetch from and integrate with another repository or a local branch\n   push       Update remote refs along with associated objects\n\n'git help -a' and 'git help -g' list available subcommands and some\nconcept guides. See 'git help <command>' or 'git help <concept>'\nto read about a specific subcommand or concept.\nSee 'git help git' for an overview of the system.\n""
[0m15:10:29.703794 [debug] [MainThread]: STDERR: "b''"
[0m15:10:29.703794 [info ] [MainThread]:  - git [[32mOK found[0m]

[0m15:10:29.719750 [info ] [MainThread]: Connection:
[0m15:10:29.720795 [info ] [MainThread]:   host: localhost
[0m15:10:29.721533 [info ] [MainThread]:   port: 5432
[0m15:10:29.721533 [info ] [MainThread]:   user: dev_dawson
[0m15:10:29.721533 [info ] [MainThread]:   database: market_data
[0m15:10:29.721533 [info ] [MainThread]:   schema: dev_dawson
[0m15:10:29.721533 [info ] [MainThread]:   connect_timeout: 10
[0m15:10:29.721533 [info ] [MainThread]:   role: None
[0m15:10:29.721533 [info ] [MainThread]:   search_path: None
[0m15:10:29.721533 [info ] [MainThread]:   keepalives_idle: 0
[0m15:10:29.721533 [info ] [MainThread]:   sslmode: None
[0m15:10:29.721533 [info ] [MainThread]:   sslcert: None
[0m15:10:29.721533 [info ] [MainThread]:   sslkey: None
[0m15:10:29.721533 [info ] [MainThread]:   sslrootcert: None
[0m15:10:29.721533 [info ] [MainThread]:   application_name: dbt
[0m15:10:29.721533 [info ] [MainThread]:   autocommit: False
[0m15:10:29.721533 [info ] [MainThread]:   retries: 1
[0m15:10:29.721533 [info ] [MainThread]: Registered adapter: postgres=1.11.0
[0m15:10:30.189093 [debug] [MainThread]: Acquiring new postgres connection 'debug'
[0m15:10:30.372294 [debug] [MainThread]: Using postgres connection "debug"
[0m15:10:30.372294 [debug] [MainThread]: On debug: select 1 as id
[0m15:10:30.372294 [debug] [MainThread]: Opening a new connection, currently in state init
[0m15:10:34.442280 [debug] [MainThread]: Postgres adapter: Got a retryable error when attempting to open a postgres connection.
1 attempts remaining. Retrying in 0 seconds.
Error:
connection to server at "localhost" (::1), port 5432 failed: Connection refused (0x0000274D/10061)
	Is the server running on that host and accepting TCP/IP connections?
connection to server at "localhost" (127.0.0.1), port 5432 failed: Connection refused (0x0000274D/10061)
	Is the server running on that host and accepting TCP/IP connections?

[0m15:10:38.479764 [debug] [MainThread]: Postgres adapter: Error running SQL: select 1 as id
[0m15:10:38.482414 [debug] [MainThread]: Postgres adapter: Rolling back transaction.
[0m15:10:38.483719 [debug] [MainThread]: On debug: No close available on handle
[0m15:10:38.484732 [info ] [MainThread]:   Connection test: [[31mERROR[0m]

[0m15:10:38.486095 [info ] [MainThread]: [31m1 check failed:[0m
[0m15:10:38.487274 [info ] [MainThread]: dbt was unable to connect to the specified database.
The database returned the following error:

  >Database Error
  connection to server at "localhost" (::1), port 5432 failed: Connection refused (0x0000274D/10061)
  	Is the server running on that host and accepting TCP/IP connections?
  connection to server at "localhost" (127.0.0.1), port 5432 failed: Connection refused (0x0000274D/10061)
  	Is the server running on that host and accepting TCP/IP connections?
  

Check your database credentials and try again. For more information, visit:
https://docs.getdbt.com/docs/configure-your-profile


[0m15:10:38.489212 [info ] [MainThread]: Your new dbt project "market_data_dbt" was created!
Initialized new project in C:\Users\dmacw\market-data-platform\transforms\market_data_dbt\market_data_dbt

For more information on how to configure the profiles.yml file,
please consult the dbt documentation here:

  https://docs.getdbt.com/docs/configure-your-profile

One more thing:

Need help? Don't hesitate to reach out to us via GitHub issues or on Slack:

  https://community.getdbt.com/

Happy modeling!

[0m15:10:38.490213 [info ] [MainThread]: [31mYour profile may need adjustments. You can find the logs of `dbt debug` above[0m
[0m15:10:38.495653 [debug] [MainThread]: Command `dbt init` succeeded at 15:10:38.494649 after 137.30 seconds
[0m15:10:38.496654 [debug] [MainThread]: Connection 'debug' was properly closed.
[0m15:10:38.498093 [debug] [MainThread]: Sending event: {'category': 'dbt', 'action': 'invocation', 'label': 'end', 'context': [<snowplow_tracker.self_describing_json.SelfDescribingJson object at 0x00000195E9B14500>, <snowplow_tracker.self_describing_json.SelfDescribingJson object at 0x00000195E5B5ED50>, <snowplow_tracker.self_describing_json.SelfDescribingJson object at 0x00000195E5B5E720>]}
[0m15:10:38.500108 [debug] [MainThread]: Flushing usage events
[0m15:10:38.848685 [debug] [MainThread]: An error was encountered while trying to flush usage events
